[localhost_8081/index.html]
[localhost_8081/wp-content/themes/unibody/assets/images/favicon.png]
[backblue.gif]
[fade.gif]
[index.html]
[localhost_8081/wp-includes/css/dist/block-library/style.min3c21.css]
[localhost_8081/wp-content/plugins/contact-form-7/includes/css/styles3c21.css]
[localhost_8081/indexd784.html]
[localhost_8081/indexa6da.html]
[localhost_8081/wp-content/plugins/unibody-plugins/portfolio/framework/css/style3c21.css]
[localhost_8081/wp-content/plugins/js_composer/assets/css/js_composer.mine23c.css]
[localhost_8081/wp-content/themes/unibody/assets/css/bootstrap4b68.css]
[localhost_8081/wp-content/themes/unibody/style4b68.css]
[localhost_8081/wp-content/themes/unibody/assets/css/theme-style4b68.css]
[localhost_8081/wp-content/themes/unibody/assets/css/fontawesome.min4b68.css]
[localhost_8081/wp-content/themes/unibody/assets/css/ionicons.min4b68.css]
[localhost_8081/wp-content/themes/unibody/assets/css/owl.carousel4b68.css]
[localhost_8081/wp-content/themes/unibody/assets/css/swipebox4b68.css]
[localhost_8081/wp-content/themes/unibody/assets/css/vegas.min4b68.css]
[localhost_8081/wp-content/themes/unibody/assets/css/animate4b68.css]
[localhost_8081/wp-content/themes/unibody/assets/css/responsive4b68.css]
[localhost_8081/wp-includes/js/jquery/jqueryb8ff.js]
[localhost_8081/wp-includes/js/jquery/jquery-migrate.min330a.js]
[localhost_8081/index52f0.json]
[localhost_8081/xmlrpc0db0.php]
[localhost_8081/wp-includes/wlwmanifest.xml]
[localhost_8081/index72d0.json]
[localhost_8081/index1176.php]
[localhost_8081/wp-content/uploads/2019/04/mem8YaGs126MiZpBA-U1UQ.woff]
[localhost_8081/wp-content/themes/unibody/assets/images/logo.png]
[localhost_8081/wp-content/uploads/2019/04/CAT_logo_wht.png]
[localhost_8081/index4180.html]
[localhost_8081/wp-content/uploads/2019/04/THISONE-1.png]
[localhost_8081/wp-content/uploads/2019/04/Conference-for-the-Future-of-the-Next-generation-Fintech-and-Smart-Cities-01-processed-e1556599158309.jpg]
[localhost_8081/indexc1b7.html]
[localhost_8081/index25e8.html]
[localhost_8081/wp-content/uploads/2019/04/Prf.-Park-Jae-kyung-announcing-the-conclusion-for-the-Worldwide-Finance-Hacking-Security-Contest.JPG-processed.jpg]
[localhost_8081/indexefb0.html]
[localhost_8081/wp-content/uploads/2019/04/Bruce-KhavarMr.-Hwang-introducing-the-BBS-processed.jpg]
[localhost_8081/wp-content/uploads/2019/04/Philippines-General-Kim-Kyung-taeCNEX-Korea-CEO-Hwang-Eun-yeonCAT-CEO-Bruce-KhavarPNOC-Renewables-Corporation-President-John-J.-Arenashis-colleague-Raman-L.-Gelvezon.JPG-processed.jpg]
[localhost_8081/wp-content/uploads/2019/01/Bruce-Interview-03.jpg]
[localhost_8081/wp-content/uploads/2019/04/IMG_6660.JPG-processed-e1556591088107.jpg]
[localhost_8081/wp-content/uploads/2019/04/Conference-for-the-Future-of-the-Next-generation-Fintech-and-Smart-Cities-02-processed.jpg]
[localhost_8081/wp-content/uploads/2019/04/eForensics.jpg]
[localhost_8081/wp-content/themes/unibody/assets/images/mailchimp.png]
[localhost_8081/wp-content/uploads/2019/04/Bruce.jpg]
[localhost_8081/wp-content/uploads/2019/04/cnex-logo-preprocessed.png]
[localhost_8081/wp-content/uploads/2019/04/A-NEX-logo-preprocessed.png]
[localhost_8081/wp-content/uploads/2019/04/anubis2-e1555144666249-554x670.27.delayed]
[localhost_8081/index73a5.html]
[localhost_8081/wp-content/uploads/2019/04/WhatsApp-Image-2018-12-18-at-00.29.23-e1555144753301.jpg]
[localhost_8081/wp-content/uploads/2017/09/1-1-2.jpg]
[localhost_8081/wp-content/uploads/2017/09/2-1-2.jpg]
[localhost_8081/wp-content/uploads/2017/09/3-1-2.jpg]
[localhost_8081/wp-content/plugins/js_composer/assets/lib/bower/animate-css/animate.mine23c.css]
[localhost_8081/indexac0f.html]
[localhost_8081/index4a28.html]
[localhost_8081/index59f2.html]
[localhost_8081/indexa2fe.html]
[localhost_8081/indexf4be.html]
[localhost_8081/wp-content/plugins/contact-form-7/includes/js/scripts3c21.js]
[localhost_8081/indexb991.html]
[localhost_8081/wp-content/plugins/unibody-plugins/portfolio/framework/js/custom_plugin8a54.js]
[localhost_8081/indexb464.html]
[localhost_8081/index17dc.html]
[localhost_8081/indexce18.html]
[localhost_8081/index179c.html]
[localhost_8081/indexa7bb.html]
[localhost_8081/wp-content/plugins/unibody-plugins/portfolio/framework/js/jquery.waitforimages8a54.js]
[localhost_8081/index7a03.html]
[localhost_8081/index5b3e.html]
[localhost_8081/wp-content/plugins/unibody-plugins/portfolio/framework/js/isotope.pkgd.min8a54.js]
[localhost_8081/index306b.html]
[localhost_8081/wp-content/plugins/unibody-plugins/portfolio/framework/js/imagesloaded8a54.js]
[localhost_8081/index3d46.html]
[localhost_8081/indexf049.html]
[localhost_8081/indexbdac.html]
[localhost_8081/indexd406.html]
[localhost_8081/wp-content/plugins/unibody-plugins/shortcodes/vc_extend/vc_custom.js]
[localhost_8081/indexe3a0.html]
[localhost_8081/index3d4a.html]
[localhost_8081/wp-content/plugins/unibody-plugins/shortcodes/vc_extend/classie.js]
[localhost_8081/index8686.html]
[localhost_8081/index2b57.html]
[localhost_8081/indexb6e5.html]
[localhost_8081/wp-content/themes/unibody/assets/js/bootstrap.min4b68.js]
[localhost_8081/indexba53.html]
[localhost_8081/wp-content/themes/unibody/assets/js/viewportchecker4b68.js]
[localhost_8081/index0494.html]
[localhost_8081/wp-content/themes/unibody/assets/js/jquery.fitvids4b68.js]
[localhost_8081/indexf027.html]
[localhost_8081/index6e40.html]
[localhost_8081/index3835.html]
[localhost_8081/index561f.html]
[localhost_8081/index3d54.html]
[localhost_8081/index104b.html]
[localhost_8081/wp-content/themes/unibody/assets/js/jquery.smartmenus4b68.js]
[localhost_8081/indexe309.html]
[localhost_8081/index6dab.html]
[localhost_8081/index71cf.html]
[localhost_8081/wp-content/themes/unibody/assets/js/wow.min4b68.js]
[localhost_8081/wp-content/themes/unibody/assets/js/jquery.swipebox.min4b68.js]
[localhost_8081/wp-content/themes/unibody/assets/js/isotope.pkgd.min4b68.js]
[localhost_8081/wp-content/themes/unibody/assets/js/vegas.min4b68.js]
[localhost_8081/wp-content/themes/unibody/assets/js/text-rotator.min4b68.js]
[localhost_8081/wp-content/themes/unibody/assets/js/jquery.circle-progress.min4b68.js]
[localhost_8081/wp-content/themes/unibody/assets/js/jquery.easing.min4b68.js]
[localhost_8081/wp-content/plugins/js_composer/assets/lib/waypoints/waypoints.mine23c.js]
[localhost_8081/wp-includes/js/imagesloaded.min55a0.js]
[localhost_8081/wp-content/themes/unibody/assets/js/jquery.malihu.PageScroll2id4b68.js]
[localhost_8081/wp-content/themes/unibody/assets/js/jquery.countdown.min4b68.js]
[localhost_8081/wp-content/themes/unibody/assets/js/jquery.mb.YTPlayer.min4b68.js]
[localhost_8081/wp-content/themes/unibody/assets/js/owl.carousel.min4b68.js]
[localhost_8081/wp-content/themes/unibody/assets/js/retina.min4b68.js]
[localhost_8081/wp-content/themes/unibody/assets/js/main4b68.js]
[localhost_8081/wp-includes/js/wp-embed.min3c21.js]
[localhost_8081/wp-content/plugins/js_composer/assets/js/dist/js_composer_front.mine23c.js]
[localhost_8081/index.html]
[localhost_8081/xmlrpc.php]
[localhost_8081/wp-includes/css/dist/block-library/style.min3c21.css]
[localhost_8081/wp-content/plugins/js_composer/assets/lib/bower/skrollr/dist/skrollr.mine23c.js]
[localhost_8081/wp-content/plugins/contact-form-7/includes/css/styles3c21.css]
[localhost_8081/wp-content/plugins/unibody-plugins/portfolio/framework/css/style3c21.css]
[localhost_8081/wp-content/plugins/contact-form-7/images/ajax-loader.gif]
[localhost_8081/wp-content/plugins/js_composer/assets/vc/alert.png]
[localhost_8081/wp-content/plugins/js_composer/assets/vc/info.png]
[localhost_8081/wp-content/plugins/js_composer/assets/vc/tick.png]
[localhost_8081/wp-content/plugins/js_composer/assets/vc/exclamation.png]
[localhost_8081/wp-content/plugins/js_composer/assets/images/icons/address-book.png]
[localhost_8081/wp-content/plugins/js_composer/assets/images/icons/alarm-clock.png]
[localhost_8081/wp-content/plugins/js_composer/assets/images/icons/anchor.png]
[localhost_8081/wp-content/plugins/js_composer/assets/images/icons/application-image.png]
[localhost_8081/wp-content/plugins/js_composer/assets/images/icons/arrow.png]
[localhost_8081/wp-content/plugins/js_composer/assets/images/icons/asterisk.png]
[localhost_8081/wp-content/plugins/js_composer/assets/images/icons/auction-hammer.png]
[localhost_8081/wp-content/plugins/js_composer/assets/images/icons/balloon.png]
[localhost_8081/wp-content/plugins/js_composer/assets/images/icons/balloon-buzz.png]
[localhost_8081/wp-content/plugins/js_composer/assets/images/icons/balloon-facebook.png]
[localhost_8081/wp-content/plugins/js_composer/assets/images/icons/balloon-twitter.png]
[localhost_8081/wp-content/plugins/js_composer/assets/images/icons/battery-full.png]
[localhost_8081/wp-content/plugins/js_composer/assets/images/icons/binocular.png]
[localhost_8081/wp-content/plugins/js_composer/assets/images/icons/blue-document-excel.png]
[localhost_8081/wp-content/plugins/js_composer/assets/images/icons/blue-document-image.png]
[localhost_8081/wp-content/plugins/js_composer/assets/images/icons/blue-document-music.png]
[localhost_8081/wp-content/plugins/js_composer/assets/images/icons/blue-document-office.png]
[localhost_8081/wp-content/plugins/js_composer/assets/images/icons/blue-document-pdf.png]
[localhost_8081/wp-content/plugins/js_composer/assets/images/icons/blue-document-powerpoint.png]
[localhost_8081/wp-content/plugins/js_composer/assets/images/icons/blue-document-word.png]
[localhost_8081/wp-content/plugins/js_composer/assets/images/icons/bookmark.png]
[localhost_8081/wp-content/plugins/js_composer/assets/images/icons/camcorder.png]
[localhost_8081/wp-content/plugins/js_composer/assets/images/icons/camera.png]
[localhost_8081/wp-content/plugins/js_composer/assets/images/icons/chart.png]
[localhost_8081/wp-content/plugins/js_composer/assets/images/icons/chart-pie.png]
[localhost_8081/wp-content/plugins/js_composer/assets/images/icons/clock.png]
[localhost_8081/wp-content/plugins/js_composer/assets/images/icons/control.png]
[localhost_8081/wp-content/plugins/js_composer/assets/images/icons/fire.png]
[localhost_8081/wp-content/plugins/js_composer/assets/images/icons/heart.png]
[localhost_8081/wp-content/plugins/js_composer/assets/images/icons/mail.png]
[localhost_8081/wp-content/plugins/js_composer/assets/images/icons/plus-shield.png]
[localhost_8081/wp-content/plugins/js_composer/assets/images/icons/video.png]
[localhost_8081/wp-content/plugins/js_composer/assets/fonts/vc_icons_v2/fonts/vcpb-plugin-iconsb82a.eot]
[localhost_8081/wp-content/plugins/js_composer/assets/fonts/vc_icons_v2/fonts/vcpb-plugin-iconsb82a.ttf]
[localhost_8081/wp-content/plugins/js_composer/assets/fonts/vc_icons_v2/fonts/vcpb-plugin-iconsb82a.woff]
[localhost_8081/wp-content/plugins/js_composer/assets/images/toggle_open.png]
[localhost_8081/wp-content/plugins/js_composer/assets/images/toggle_close.png]
[localhost_8081/wp-content/plugins/js_composer/assets/images/flickr.png]
[localhost_8081/wp-content/plugins/js_composer/assets/fonts/vc_grid/vc_grid_v157a1.eot]
[localhost_8081/wp-content/plugins/js_composer/assets/fonts/vc_grid/vc_grid_v1d41d.eot]
[localhost_8081/wp-content/plugins/js_composer/assets/fonts/vc_grid/vc_grid_v157a1.woff]
[localhost_8081/wp-content/plugins/js_composer/assets/fonts/vc_grid/vc_grid_v157a1.ttf]
[localhost_8081/wp-content/plugins/js_composer/assets/images/spinner.gif]
[localhost_8081/wp-content/plugins/js_composer/assets/css/js_composer.mine23c.css]
[localhost_8081/wp-content/plugins/js_composer/assets/vc/remove.png]
[localhost_8081/wp-content/themes/unibody/assets/css/bootstrap4b68.css]
[localhost_8081/wp-content/themes/unibody/style4b68.css]
[localhost_8081/wp-content/themes/unibody/assets/css/theme-style4b68.css]
[localhost_8081/wp-content/themes/unibody/assets/fonts/fa-brands-400.eot]
[localhost_8081/wp-content/themes/unibody/assets/fonts/fa-brands-400d41d.eot]
[localhost_8081/wp-content/themes/unibody/assets/fonts/fa-brands-400.woff]
[localhost_8081/wp-content/themes/unibody/assets/fonts/fa-brands-400.ttf]
[localhost_8081/wp-content/themes/unibody/assets/fonts/fa-regular-400.eot]
[localhost_8081/wp-content/themes/unibody/assets/fonts/fa-regular-400d41d.eot]
[localhost_8081/wp-content/themes/unibody/assets/fonts/fa-regular-400.woff]
[localhost_8081/wp-content/themes/unibody/assets/fonts/fa-regular-400.ttf]
[localhost_8081/wp-content/themes/unibody/assets/fonts/fa-solid-900.eot]
[localhost_8081/wp-content/themes/unibody/assets/fonts/fa-solid-900d41d.eot]
[localhost_8081/wp-content/themes/unibody/assets/fonts/fa-solid-900.woff]
[localhost_8081/wp-content/themes/unibody/assets/fonts/fa-solid-900.ttf]
[localhost_8081/wp-content/themes/unibody/assets/css/fontawesome.min4b68.css]
[localhost_8081/wp-content/themes/unibody/assets/fonts/ionicons28b5.eot]
[localhost_8081/wp-content/themes/unibody/assets/fonts/ionicons28b5.ttf]
[localhost_8081/wp-content/themes/unibody/assets/fonts/ionicons28b5.woff]
[localhost_8081/wp-content/themes/unibody/assets/css/ionicons.min4b68.css]
[localhost_8081/wp-content/themes/unibody/assets/css/owl.carousel4b68.css]
[localhost_8081/wp-content/themes/unibody/assets/css/swipebox4b68.css]
[localhost_8081/wp-content/themes/unibody/assets/css/vegas.min4b68.css]
[localhost_8081/wp-content/themes/unibody/assets/css/animate4b68.css]
[localhost_8081/wp-content/themes/unibody/assets/css/responsive4b68.css]
[localhost_8081/index617d.json]
[localhost_8081/index7fb0.php]
[localhost_8081/wp-content/uploads/2018/06/10-2.jpg]
[localhost_8081/index4180.html]
[localhost_8081/index.a080cf.delayed]
[localhost_8081/index0d03.php]
[localhost_8081/wp-content/uploads/2017/10/1-2.jpg]
[localhost_8081/wp-content/uploads/2018/06/4-2.png]
[localhost_8081/wp-content/uploads/2018/06/5-2.png]
[localhost_8081/index25e8.html]
[localhost_8081/indexc30c.json]
[localhost_8081/indexeda3.php]
[localhost_8081/indexc1b7.html]
[localhost_8081/index9d29.json]
[localhost_8081/indexf560.php]
[localhost_8081/wp-content/uploads/2018/06/14-2.jpg]
[localhost_8081/wp-content/uploads/2018/07/7-2.jpg]
[localhost_8081/wp-content/uploads/2018/07/20-2.jpg]
[localhost_8081/wp-content/uploads/2016/12/37-2.jpg]
[localhost_8081/wp-content/uploads/2016/11/8-2-2.jpg]
[localhost_8081/wp-content/uploads/2016/12/35-2.jpg]
[localhost_8081/wp-content/uploads/2017/10/18-2.jpg]
[localhost_8081/wp-content/uploads/2018/06/6-2.jpg]
[localhost_8081/wp-content/uploads/2017/02/5-1-2.jpg]
[localhost_8081/indexefb0.html]
[localhost_8081/index2e5c.html]
[localhost_8081/index0564.json]
[localhost_8081/index1669.php]
[localhost_8081/wp-content/uploads/2016/12/34-1-2.jpg]
[localhost_8081/index0fb7.html]
[localhost_8081/wp-content/uploads/2016/12/36-2.jpg]
[localhost_8081/wp-content/plugins/js_composer/assets/lib/bower/font-awesome/css/font-awesome.min.b6e23c.delayed]
[localhost_8081/index73a5.html]
[localhost_8081/index0f21.html]
[localhost_8081/indexccb9.html]
[localhost_8081/indexa9d5.html]
[localhost_8081/indexc274.html]
[localhost_8081/index0eba.html]
[localhost_8081/index2a54.json]
[localhost_8081/indexb892.php]
[localhost_8081/index1e40.html]
[localhost_8081/wp-content/uploads/2018/06/13-3.jpg]
[localhost_8081/index290d.html]
[localhost_8081/wp-content/uploads/2018/07/19-2.jpg]
[localhost_8081/indexac0f.html]
[localhost_8081/index2b49.html]
[localhost_8081/indexd340.json]
[localhost_8081/index4fae.php]
[localhost_8081/wp-content/uploads/2016/12/11-2.jpg]
[localhost_8081/wp-content/uploads/2018/06/24-2.jpg]
[localhost_8081/wp-content/uploads/2018/06/28-2.jpg]
[localhost_8081/wp-content/uploads/2016/12/8-2.jpg]
[localhost_8081/wp-content/uploads/2016/12/9-2.jpg]
[localhost_8081/wp-content/uploads/2016/12/10-2.jpg]
[localhost_8081/wp-content/uploads/2016/11/avatar1-2-2.jpg]
[localhost_8081/wp-content/uploads/2016/11/avatar2-3-2.jpg]
[localhost_8081/wp-content/uploads/2016/11/avatar3-2-2.jpg]
[localhost_8081/wp-content/uploads/2016/11/avatar4-3-2.jpg]
[localhost_8081/index4a28.html]
[localhost_8081/index51c5.json]
[localhost_8081/indexb324.php]
[localhost_8081/index59f2.html]
[localhost_8081/wp-content/themes/unibody/assets/images/10.jpg]
[localhost_8081/index9540.html]
[localhost_8081/index2960.json]
[localhost_8081/index64e9.html]
[localhost_8081/indexc96b.html]
[localhost_8081/indexa976.html]
[localhost_8081/index4158.php]
[localhost_8081/wp-content/uploads/2018/06/16-2.jpg]
[localhost_8081/wp-content/uploads/2016/12/logo1-3-2.png]
[localhost_8081/wp-content/uploads/2016/12/logo2-2-2.png]
[localhost_8081/wp-content/uploads/2016/12/logo3-3-2.png]
[localhost_8081/wp-content/uploads/2016/12/logo4-3-2.png]
[localhost_8081/wp-content/uploads/2016/12/logo5-3-2.png]
[localhost_8081/indexf4be.html]
[localhost_8081/wp-content/uploads/2016/12/logo6-2-2.png]
[localhost_8081/index2c4c.json]
[localhost_8081/indexeb65.php]
[localhost_8081/indexa2fe.html]
[localhost_8081/wp-content/uploads/2018/07/15-2.jpg]
[localhost_8081/index9c5c.json]
[localhost_8081/index7f27.php]
[localhost_8081/indexb991.html]
[localhost_8081/wp-content/uploads/2017/01/2-2.jpg]
[localhost_8081/index2a62.json]
[localhost_8081/index01b6.php]
[localhost_8081/wp-content/uploads/2018/07/construction-2.png]
[localhost_8081/wp-content/uploads/2016/12/12-3.jpg]
[localhost_8081/wp-content/uploads/2016/12/13-2.jpg]
[localhost_8081/wp-content/uploads/2017/02/26-2.jpg]
[localhost_8081/wp-login.html]
[localhost_8081/indexb464.html]
[localhost_8081/index8b30.json]
[localhost_8081/index921d.php]
[localhost_8081/wp-content/uploads/2018/06/11-2.jpg]
[localhost_8081/index17dc.html]
[localhost_8081/index42d1.json]
[localhost_8081/indexdfb9.php]
[localhost_8081/indexce18.html]
[localhost_8081/index3d59.json]
[localhost_8081/indexc081.php]
[localhost_8081/wp-content/uploads/2016/12/18-3-2.jpg]
[localhost_8081/wp-content/plugins/js_composer/assets/css/js_composer_tta.mine23c.css]
[localhost_8081/wp-content/plugins/js_composer/assets/lib/vc_accordion/vc-accordion.mine23c.js]
[localhost_8081/wp-content/plugins/js_composer/assets/lib/vc-tta-autoplay/vc-tta-autoplay.mine23c.js]
[localhost_8081/index179c.html]
[localhost_8081/indexe01f.json]
[localhost_8081/indexb0f1.php]
[localhost_8081/wp-content/uploads/2018/06/40-2.jpg]
[localhost_8081/wp-content/uploads/2018/06/41-2.jpg]
[localhost_8081/wp-content/uploads/2018/06/42-2.jpg]
[localhost_8081/indexa7bb.html]
[localhost_8081/index2829.json]
[localhost_8081/index8854.php]
[localhost_8081/index7a03.html]
[localhost_8081/indexd247.json]
[localhost_8081/indexd294.php]
[localhost_8081/index5b3e.html]
[localhost_8081/index1c07.php]
[localhost_8081/index5574.php]
[localhost_8081/index306b.html]
[localhost_8081/index5518.json]
[localhost_8081/indexba8f.html]
[localhost_8081/index4c6f.php]
[localhost_8081/indexf049.html]
[localhost_8081/index2613.json]
[localhost_8081/index3d46.html]
[localhost_8081/index55c9.php]
[localhost_8081/wp-content/uploads/2016/12/15-2-2.jpg]
[localhost_8081/wp-content/uploads/2017/10/19-2.jpg]
[localhost_8081/wp-content/uploads/2017/10/4-2.jpg]
[localhost_8081/wp-content/uploads/2017/02/30-2.jpg]
[localhost_8081/indexbdac.html]
[localhost_8081/index4af9.json]
[localhost_8081/index66b7.php]
[localhost_8081/indexd406.html]
[localhost_8081/index74f3.html]
[localhost_8081/index06bc.php]
[localhost_8081/indexe3a0.html]
[localhost_8081/index5e11.php]
[localhost_8081/index8717.html]
[localhost_8081/indexf567.json]
[localhost_8081/indexcc09.php]
[localhost_8081/wp-content/uploads/2018/06/1-2.png]
[localhost_8081/wp-content/uploads/2018/06/2-2.png]
[localhost_8081/wp-content/uploads/2018/06/3-2.png]
[localhost_8081/index3d4a.html]
[localhost_8081/index7dd4.json]
[localhost_8081/indexc8c0.php]
[localhost_8081/wp-content/uploads/2016/12/21-2.jpg]
[localhost_8081/index8686.html]
[localhost_8081/indexb531.json]
[localhost_8081/indexf5a1.php]
[localhost_8081/index2b57.html]
[localhost_8081/index.10cf525.delayed]
[localhost_8081/indexb6e5.html]
[localhost_8081/index4546.php]
[localhost_8081/indexa54b.json]
[localhost_8081/index76cc.html]
[localhost_8081/indexba53.html]
[localhost_8081/index5c70.php]
[localhost_8081/index043a.json]
[localhost_8081/index9337.php]
[localhost_8081/wp-content/uploads/2018/06/17-2.jpg]
[localhost_8081/index0494.html]
[localhost_8081/index3706.json]
[localhost_8081/index0413.php]
[localhost_8081/indexf027.html]
[localhost_8081/wp-content/uploads/2018/06/9-2.jpg]
[localhost_8081/index5e1e.json]
[localhost_8081/index6e40.html]
[localhost_8081/index98fc.php]
[localhost_8081/index0295.php]
[localhost_8081/index3835.html]
[localhost_8081/index1b5c.php]
[localhost_8081/indexc527.php]
[localhost_8081/index0186.html]
[localhost_8081/index0072.php]
[localhost_8081/index561f.html]
[localhost_8081/indexc5fe.json]
[localhost_8081/indexcea4.html]
[localhost_8081/index3d54.html]
[localhost_8081/index6b81.php]
[localhost_8081/index68b4.json]
[localhost_8081/index5a73.html]
[localhost_8081/index104b.html]
[localhost_8081/index0eec.php]
[localhost_8081/index0269.json]
[localhost_8081/index2f6a.html]
[localhost_8081/indexe309.html]
[localhost_8081/indexf3a9.php]
[localhost_8081/indexb328.php]
[localhost_8081/index6527.html]
[localhost_8081/index6dab.html]
[localhost_8081/indexd594.php]
[localhost_8081/indexb2c6.json]
[localhost_8081/indexcd88.html]
[localhost_8081/index66a0.php]
[localhost_8081/index71cf.html]
[localhost_8081/wp-content/plugins/js_composer/assets/lib/bower/animate-css/animate.mine23c.css]
[localhost_8081/wp-content/plugins/js_composer/assets/fonts/vc_icons_v2/fonts/vcpb-plugin-iconsb82a.svg]
[localhost_8081/wp-content/plugins/js_composer/assets/vc/blur.svg]
[localhost_8081/wp-content/plugins/js_composer/assets/fonts/vc_grid/vc_grid_v157a1.svg]
[localhost_8081/wp-content/themes/unibody/assets/fonts/glyphicons-halflings-regular.html]
[localhost_8081/wp-content/themes/unibody/assets/fonts/glyphicons-halflings-regulard41d.html]
[localhost_8081/wp-content/themes/unibody/assets/fonts/glyphicons-halflings-regular-2.html]
[localhost_8081/wp-content/themes/unibody/assets/fonts/glyphicons-halflings-regular-3.html]
[localhost_8081/wp-content/themes/unibody/assets/fonts/glyphicons-halflings-regular-4.html]
[localhost_8081/wp-content/themes/unibody/assets/fonts/glyphicons-halflings-regular-5.html]
[localhost_8081/wp-content/themes/unibody/assets/fonts/fa-brands-400.html]
[localhost_8081/wp-content/themes/unibody/assets/fonts/fa-brands-400.svg]
[localhost_8081/wp-content/themes/unibody/assets/fonts/fa-regular-400.html]
[localhost_8081/wp-content/themes/unibody/assets/fonts/fa-regular-400.svg]
[localhost_8081/wp-content/themes/unibody/assets/fonts/fa-solid-900.html]
[localhost_8081/wp-content/themes/unibody/assets/fonts/fa-solid-900.svg]
[localhost_8081/wp-content/themes/unibody/assets/fonts/ionicons28b5.svg]
[localhost_8081/wp-content/themes/unibody/assets/images/owl.video.play.html]
[localhost_8081/wp-content/themes/unibody/assets/img/misc/loader.html]
[localhost_8081/wp-content/themes/unibody/assets/css/overlays/02.html]
[localhost_8081/index03e1.html]
[localhost_8081/indexd6e1.html]
[localhost_8081/index2603.html]
[localhost_8081/indexab1b.html]
[localhost_8081/indexa54c.json]
[localhost_8081/indexbc38.html]
[localhost_8081/indexa846.php]
[localhost_8081/index2e5c.html]
[localhost_8081/indexe592.json]
[localhost_8081/indexca41.html]
[localhost_8081/index2bce.php]
[localhost_8081/index0fb7.html]
[localhost_8081/index424b.json]
[localhost_8081/index57f7.html]
[localhost_8081/index0ce9.php]
[localhost_8081/indexccb9.html]
[localhost_8081/index6b77.json]
[localhost_8081/index0ac0.html]
[localhost_8081/index5783.php]
[localhost_8081/index0f21.html]
[localhost_8081/index1818.json]
[localhost_8081/index12fe.html]
[localhost_8081/index2927.php]
[localhost_8081/indexf32e.html]
[localhost_8081/indexa9d5.html]
[localhost_8081/index78a9.json]
[localhost_8081/indexa24a.html]
[localhost_8081/index6824.php]
[localhost_8081/indexc274.html]
[localhost_8081/wp-json/oembed/1.0/embeda931.json]
[localhost_8081/wp-json/index.html]
[localhost_8081/comments/feed/index.html]
[localhost_8081/feed/index.html]
[localhost_8081/wp-json/oembed/1.0/embed7926]
[localhost_8081/index0eba.html]
[localhost_8081/portfolio/is-easy-took-he/index.html]
[localhost_8081/portfolio/year-kept-on-over/index.html]
[localhost_8081/wp-json/oembed/1.0/embed3cc3.json]
[localhost_8081/portfolio/esteem-put-uneasy/index.html]
[localhost_8081/about-us-2/index.html]
[localhost_8081/about-us/index.html]
[localhost_8081/agency/index.html]
[localhost_8081/agency-portfolio/index.html]
[localhost_8081/application/index.html]
[localhost_8081/wp-json/oembed/1.0/embed63a7]
[localhost_8081/index1e40.html]
[localhost_8081/architecture-design/index.html]
[localhost_8081/beauty-salon/index.html]
[localhost_8081/blank-page/index.html]
[localhost_8081/wp-json/oembed/1.0/embed774a.json]
[localhost_8081/coming-soon-1/index.html]
[localhost_8081/coming-soon-2/index.html]
[localhost_8081/clients/index.html]
[localhost_8081/construction-renovation/index.html]
[localhost_8081/wp-json/oembed/1.0/embed797b]
[localhost_8081/contact-us-2/index.html]
[localhost_8081/contact-us/index.html]
[localhost_8081/faq/index.html]
[localhost_8081/index290d.html]
[localhost_8081/image-parallax/index.html]
[localhost_8081/fullscreen-video/index.html]
[localhost_8081/half-screen-parallax/index.html]
[localhost_8081/ken-burns-2-slider/index.html]
[localhost_8081/ken-burns-slider/index.html]
[localhost_8081/wp-json/oembed/1.0/embeda286.json]
[localhost_8081/modern-agency/index.html]
[localhost_8081/news/index.html]
[localhost_8081/meet-the-team/index.html]
[localhost_8081/landing-page/index.html]
[localhost_8081/wp-json/oembed/1.0/embed3864]
[localhost_8081/parallax-dark/index.html]
[localhost_8081/personal-freelancer/index.html]
[localhost_8081/photography-portfolio/index.html]
[localhost_8081/index2b49.html]
[localhost_8081/portfolio/index.html]
[localhost_8081/sample-page/index.html]
[localhost_8081/services/index.html]
[localhost_8081/slider-parallax/index.html]
[localhost_8081/solid-color/index.html]
[localhost_8081/portfolio/on-merits-on-valley/index.html]
[localhost_8081/portfolio/instantly-suffering/index.html]
[localhost_8081/index8fa2.html]
[localhost_8081/index4fd2.html]
[localhost_8081/portfolio/front-sight-match/index.html]
[localhost_8081/index0ecd.html]
[localhost_8081/portfolio/extensive-assurance/index.html]
[localhost_8081/index1f38.html]
[localhost_8081/portfolio/connection-instrument/index.html]
[localhost_8081/portfolio/after-nor-leave/index.html]
[localhost_8081/wp-content/plugins/js_composer/assets/lib/bower/font-awesome/fonts/fontawesome-webfont3e6e.eot]
[localhost_8081/2016/12/can-connection-instrument-raising/index.html]
[localhost_8081/wp-content/plugins/js_composer/assets/lib/bower/font-awesome/fonts/fontawesome-webfontd41d.eot]
[localhost_8081/wp-content/plugins/js_composer/assets/lib/bower/font-awesome/fonts/fontawesome-webfont3e6e.woff]
[localhost_8081/wp-content/plugins/js_composer/assets/lib/bower/font-awesome/fonts/fontawesome-webfont3e6e.ttf]
[localhost_8081/wp-content/plugins/js_composer/assets/lib/bower/font-awesome/css/font-awesome.mine23c.css]
[localhost_8081/index82dc.html]
[localhost_8081/2016/12/placing-forming-nay-looking-married/index.html]
[localhost_8081/index9011.html]
[localhost_8081/index094d.html]
[localhost_8081/2016/12/acuteness-you-exquisite-ourselves/index.html]
[localhost_8081/index287b.html]
[localhost_8081/2016/11/longer-waited-mr-of-nature-seemed/index.html]
[localhost_8081/index04cd.html]
[localhost_8081/2016/11/shall-there-whose-those-stand-end/index.html]
[localhost_8081/2016/11/projection-of-admiration-no-age/index.html]
[localhost_8081/wp-json/oembed/1.0/embedf89c.json]
[localhost_8081/wp-json/oembed/1.0/embed35a4]
[localhost_8081/index9540.html]
[localhost_8081/portfolio/elderly-pursuit-regular-2/index.html]
[localhost_8081/portfolio/position-boy-required-law/index.html]
[localhost_8081/wp-json/oembed/1.0/embed3630.json]
[localhost_8081/portfolio/settling-marriage-recurred/index.html]
[localhost_8081/wp-json/oembed/1.0/embed319d]
[localhost_8081/portfolio/conveying-advantage-can/index.html]
[localhost_8081/indexc96b.html]
[localhost_8081/wp-json/oembed/1.0/embed1e58.json]
[localhost_8081/portfolio/sussex-result-matter-any-end-see/index.html]
[localhost_8081/indexa976.html]
[localhost_8081/wp-json/oembed/1.0/embedd939]
[localhost_8081/wp-json/oembed/1.0/embed587c.json]
[localhost_8081/wp-json/oembed/1.0/embed3d2d]
[localhost_8081/portfolio/distrusts-fulfilled/index.html]
[localhost_8081/index64e9.html]
[localhost_8081/index76f0.html]
[localhost_8081/index2af5.html]
[localhost_8081/index8eb0.html]
[localhost_8081/indexcf8a.html]
[localhost_8081/index2b52.html]
[localhost_8081/index4c5b.html]
[localhost_8081/index327d.html]
[localhost_8081/index62d8.html]
[localhost_8081/2016/11/the-taste-begin-early-since-dried/index.html]
[localhost_8081/2016/11/behaved-the-comfort-another-fifteen/index.html]
[localhost_8081/index648c.html]
[localhost_8081/index824a.html]
[localhost_8081/2016/11/you-folly-taste-hoped-their-above-are/index.html]
[localhost_8081/indexc425.html]
[localhost_8081/2016/11/decisively-everything-principles-if/index.html]
[localhost_8081/2016/12/index.html]
[localhost_8081/2016/11/index.html]
[localhost_8081/index8484.html]
[localhost_8081/index3f7b.html]
[localhost_8081/index81ea.html]
[localhost_8081/indexaa1e.html]
[localhost_8081/category/corporate/index.html]
[localhost_8081/indexb31a.html]
[localhost_8081/2016/10/index.html]
[localhost_8081/category/creative/index.html]
[localhost_8081/category/standard/index.html]
[localhost_8081/category/uncategorized/index.html]
[localhost_8081/indexb946.html]
[localhost_8081/indexc728.html]
[localhost_8081/wp-includes/css/dashicons.min3c21.css]
[localhost_8081/category/web-design/index.html]
[localhost_8081/category/wordpress/index.html]
[localhost_8081/wp-includes/css/buttons.min3c21.css]
[localhost_8081/wp-admin/css/forms.min3c21.css]
[localhost_8081/wp-admin/css/l10n.min3c21.css]
[localhost_8081/wp-admin/css/login.min3c21.css]
[localhost_8081/wp-loginc2b6.html]
[localhost_8081/wp-login.html]
[localhost_8081/index0776.html]
[localhost_8081/index30e3.html]
[localhost_8081/index601c.html]
[localhost_8081/wp-content/plugins/js_composer/assets/css/js_composer_tta.mine23c.css]
[localhost_8081/index16d5.html]
[localhost_8081/indexdb27.html]
[localhost_8081/index5750.html]
[localhost_8081/index245e.html]
[localhost_8081/index5e3b.html]
[localhost_8081/index6239.html]
[localhost_8081/index2cce.html]
[localhost_8081/index27ac.html]
[localhost_8081/index2a95.html]
[localhost_8081/wp-content/uploads/2017/02/29-2.jpg]
[localhost_8081/2016/11/attachment-ye-so-am-travelling/index.html]
[localhost_8081/2016/11/general-enquire-picture-letters-on/index.html]
[localhost_8081/2016/11/tried-on-cause-no-spoil-arise-plate/index.html]
[localhost_8081/2016/11/late-hour-new-nay-able-furniture/index.html]
[localhost_8081/2016/11/could-death-since-do-we-hoped-is/index.html]
[localhost_8081/wp-content/uploads/2017/02/23-2.jpg]
[localhost_8081/wp-content/uploads/2017/02/25-2.jpg]
[localhost_8081/2016/11/celebrated-am-announcing-delightful/index.html]
[localhost_8081/index74f3.html]
[localhost_8081/2016/11/reserved-opinions-fat-him-nay-position/index.html]
[localhost_8081/indexb74b.html]
[localhost_8081/2016/10/remain-valley-who-mrs-uneasy-remove/index.html]
[localhost_8081/index5ee4.html]
[localhost_8081/2016/10/saw-yet-kindness-too-replying-whatever/index.html]
[localhost_8081/wp-json/oembed/1.0/embedad1d.json]
[localhost_8081/wp-json/oembed/1.0/embed653a]
[localhost_8081/index8717.html]
[localhost_8081/indexf884.html]
[localhost_8081/indexee96.html]
[localhost_8081/index974f.html]
[localhost_8081/indexe8a0.html]
[localhost_8081/indexcbcb.html]
[localhost_8081/index049d.html]
[localhost_8081/indexee0c.html]
[localhost_8081/index905b.html]
[localhost_8081/wp-login67ff.html]
[localhost_8081/wp-admin/index.html]
[localhost_8081/index221f.html]
[localhost_8081/index66f9.html]
[localhost_8081/indexdc17.html]
[localhost_8081/index36d4.html]
[localhost_8081/portfolio/from-image-creative/index.html]
[localhost_8081/indexdb84.html]
[localhost_8081/portfolio/exquisite-by-admitting/index.html]
[localhost_8081/indexea0f.html]
[localhost_8081/portfolio/bred-soon-park/index.html]
[localhost_8081/indexd4a6.html]
[localhost_8081/portfolio/favourable-cultivated/index.html]
[localhost_8081/indexe887.html]
[localhost_8081/portfolio/agreement-gentleman/index.html]
[localhost_8081/indexe856.html]
[localhost_8081/portfolio/means-among-saw/index.html]
[localhost_8081/index5070.html]
[localhost_8081/portfolio/estate-was-tended/index.html]
[localhost_8081/index9e99.html]
[localhost_8081/index55d9.html]
[localhost_8081/indexe4eb.html]
[localhost_8081/indexaae7.html]
[localhost_8081/portfolio/nay-middleton-him/index.html]
[localhost_8081/wp-json/oembed/1.0/embed57f1.json]
[localhost_8081/wp-json/oembed/1.0/embed9a96]
[localhost_8081/wp-content/uploads/2016/11/5-1-2-2.jpg]
[localhost_8081/indexf32e.html]
[localhost_8081/indexfaa1.html]
[localhost_8081/portfolio/hardly-suffer-wisdom-2/index.html]
[localhost_8081/portfolio/very-his-are-come/index.html]
[localhost_8081/indexb51f.html]
[localhost_8081/portfolio/esteem-put-uneasy/feed/index.html]
[localhost_8081/wp-json/oembed/1.0/embedc2db.json]
[localhost_8081/wp-json/oembed/1.0/embed422a]
[localhost_8081/portfolio/is-easy-took-he/index.html]
[localhost_8081/wp-json/oembed/1.0/embed17f2.json]
[localhost_8081/wp-json/oembed/1.0/embed046d]
[localhost_8081/portfolio/year-kept-on-over/index.html]
[localhost_8081/portfolio/esteem-put-uneasy/index.html]
[localhost_8081/indexe7ac.html]
[localhost_8081/wp-json/oembed/1.0/embeda357.json]
[localhost_8081/about-us/index.html]
[localhost_8081/wp-json/oembed/1.0/embed858d]
[localhost_8081/wp-json/oembed/1.0/embed2e53.json]
[localhost_8081/wp-json/oembed/1.0/embed84f4]
[localhost_8081/about-us-2/index.html]
[localhost_8081/wp-json/oembed/1.0/embeda3cf.json]
[localhost_8081/wp-json/oembed/1.0/embed7fad]
[localhost_8081/agency/index.html]
[localhost_8081/wp-json/oembed/1.0/embed03d6.json]
[localhost_8081/wp-json/oembed/1.0/embed17ff]
[localhost_8081/agency-portfolio/index.html]
[localhost_8081/wp-json/oembed/1.0/embedb784.json]
[localhost_8081/wp-json/oembed/1.0/embed3179]
[localhost_8081/application/index.html]
[localhost_8081/wp-json/oembed/1.0/embedcd15.json]
[localhost_8081/wp-json/oembed/1.0/embede061]
[localhost_8081/architecture-design/index.html]
[localhost_8081/wp-json/oembed/1.0/embed2e8e.json]
[localhost_8081/wp-json/oembed/1.0/embed348d]
[localhost_8081/beauty-salon/index.html]
[localhost_8081/wp-json/oembed/1.0/embed5f9a.json]
[localhost_8081/wp-json/oembed/1.0/embed85be]
[localhost_8081/blank-page/index.html]
[localhost_8081/wp-json/oembed/1.0/embed7bd0.json]
[localhost_8081/wp-json/oembed/1.0/embede7b3]
[localhost_8081/clients/index.html]
[localhost_8081/wp-json/oembed/1.0/embed606f.json]
[localhost_8081/wp-json/oembed/1.0/embedebf6]
[localhost_8081/coming-soon-1/index.html]
[localhost_8081/wp-json/oembed/1.0/embed8793.json]
[localhost_8081/wp-json/oembed/1.0/embed67ec]
[localhost_8081/coming-soon-2/index.html]
[localhost_8081/wp-json/oembed/1.0/embedd2ec.json]
[localhost_8081/wp-json/oembed/1.0/embed9aed]
[localhost_8081/construction-renovation/index.html]
[localhost_8081/wp-json/oembed/1.0/embedcc58.json]
[localhost_8081/wp-json/oembed/1.0/embed7089]
[localhost_8081/contact-us/index.html]
[localhost_8081/wp-json/oembed/1.0/embed9743.json]
[localhost_8081/wp-json/oembed/1.0/embed0889]
[localhost_8081/contact-us-2/index.html]
[localhost_8081/wp-json/oembed/1.0/embeda588.json]
[localhost_8081/wp-json/oembed/1.0/embeddf18]
[localhost_8081/faq/index.html]
[localhost_8081/wp-json/oembed/1.0/embedb3d5.json]
[localhost_8081/wp-json/oembed/1.0/embed8caa]
[localhost_8081/fullscreen-video/index.html]
[localhost_8081/wp-json/oembed/1.0/embed426c.json]
[localhost_8081/wp-json/oembed/1.0/embedc98a]
[localhost_8081/half-screen-parallax/index.html]
[localhost_8081/wp-json/oembed/1.0/embed8309.json]
[localhost_8081/image-parallax/feed/index.html]
[localhost_8081/wp-json/oembed/1.0/embeda2ae]
[localhost_8081/image-parallax/index.html]
[localhost_8081/wp-json/oembed/1.0/embed2438.json]
[localhost_8081/wp-json/oembed/1.0/embed35d8]
[localhost_8081/ken-burns-2-slider/index.html]
[localhost_8081/wp-json/oembed/1.0/embed3ca9.json]
[localhost_8081/wp-json/oembed/1.0/embedbdac]
[localhost_8081/ken-burns-slider/index.html]
[localhost_8081/wp-json/oembed/1.0/embed43bc.json]
[localhost_8081/wp-json/oembed/1.0/embedcb2c]
[localhost_8081/landing-page/index.html]
[localhost_8081/meet-the-team/index.html]
[localhost_8081/wp-json/oembed/1.0/embedb0c5.json]
[localhost_8081/meet-the-team/page/2/index.html]
[localhost_8081/wp-json/oembed/1.0/embed16a7]
[localhost_8081/modern-agency/index.html]
[localhost_8081/news/index.html]
[localhost_8081/wp-json/oembed/1.0/embed5e59.json]
[localhost_8081/news/page/2/index.html]
[localhost_8081/wp-json/oembed/1.0/embedef08]
[localhost_8081/parallax-dark/index.html]
[localhost_8081/wp-json/oembed/1.0/embed991f.json]
[localhost_8081/wp-json/oembed/1.0/embed30c2]
[localhost_8081/personal-freelancer/index.html]
[localhost_8081/wp-json/oembed/1.0/embed166a.json]
[localhost_8081/wp-json/oembed/1.0/embed557d]
[localhost_8081/photography-portfolio/index.html]
[localhost_8081/wp-json/oembed/1.0/embed288e.json]
[localhost_8081/wp-json/oembed/1.0/embed7cb1]
[localhost_8081/portfolio/index.html]
[localhost_8081/wp-json/oembed/1.0/embed87b7.json]
[localhost_8081/sample-page/feed/index.html]
[localhost_8081/wp-json/oembed/1.0/embeddd91]
[localhost_8081/sample-page/index.html]
[localhost_8081/wp-json/oembed/1.0/embedae7c.json]
[localhost_8081/wp-json/oembed/1.0/embedb66a]
[localhost_8081/services/index.html]
[localhost_8081/wp-json/oembed/1.0/embeda899.json]
[localhost_8081/wp-json/oembed/1.0/embed7542]
[localhost_8081/slider-parallax/index.html]
[localhost_8081/wp-json/oembed/1.0/embeddfb0.json]
[localhost_8081/wp-json/oembed/1.0/embeddd81]
[localhost_8081/solid-color/index.html]
[localhost_8081/portfolio/front-sight-match/feed/index.html]
[localhost_8081/wp-json/oembed/1.0/embed6c7e.json]
[localhost_8081/wp-json/oembed/1.0/embed4ee0]
[localhost_8081/portfolio/on-merits-on-valley/index.html]
[localhost_8081/wp-json/oembed/1.0/embedcb98.json]
[localhost_8081/wp-json/oembed/1.0/embedde05]
[localhost_8081/portfolio/instantly-suffering/index.html]
[localhost_8081/portfolio/front-sight-match/index.html]
[localhost_8081/index456c.html]
[localhost_8081/portfolio/after-nor-leave/feed/index.html]
[localhost_8081/portfolio/extensive-assurance/index.html]
[localhost_8081/wp-json/oembed/1.0/embede4fc.json]
[localhost_8081/wp-json/oembed/1.0/embed985f]
[localhost_8081/portfolio/connection-instrument/index.html]
[localhost_8081/portfolio/after-nor-leave/index.html]
[localhost_8081/index9a82.html]
[localhost_8081/portfolio/extensive-assurance/feed/index.html]
[localhost_8081/index6dbe.html]
[localhost_8081/wp-json/oembed/1.0/embedc50a.json]
[localhost_8081/wp-json/oembed/1.0/embed1096]
[localhost_8081/2016/12/can-connection-instrument-raising/index.html]
[localhost_8081/wp-json/oembed/1.0/embed5b64.json]
[localhost_8081/tag/mr/index.html]
[localhost_8081/tag/without/index.html]
[localhost_8081/wp-json/oembed/1.0/embedc0c4]
[localhost_8081/2016/12/placing-forming-nay-looking-married/index.html]
[localhost_8081/wp-json/oembed/1.0/embed25d9.json]
[localhost_8081/tag/men/index.html]
[localhost_8081/tag/begin/index.html]
[localhost_8081/wp-json/oembed/1.0/embed0b44]
[localhost_8081/2016/12/acuteness-you-exquisite-ourselves/index.html]
[localhost_8081/wp-content/plugins/js_composer/assets/lib/bower/font-awesome/fonts/fontawesome-webfont3e6e.html]
[localhost_8081/wp-content/plugins/js_composer/assets/lib/bower/font-awesome/fonts/fontawesome-webfont3e6e.svg]
[localhost_8081/wp-json/oembed/1.0/embed2e76.json]
[localhost_8081/tag/vulgar/index.html]
[localhost_8081/wp-json/oembed/1.0/embed893a]
[localhost_8081/2016/11/longer-waited-mr-of-nature-seemed/index.html]
[localhost_8081/wp-json/oembed/1.0/embede32f.json]
[localhost_8081/tag/dejection/index.html]
[localhost_8081/wp-json/oembed/1.0/embed6b14]
[localhost_8081/2016/11/shall-there-whose-those-stand-end/index.html]
[localhost_8081/wp-json/oembed/1.0/embed260e.json]
[localhost_8081/tag/windows/index.html]
[localhost_8081/wp-json/oembed/1.0/embed17b9]
[localhost_8081/2016/11/projection-of-admiration-no-age/index.html]
[localhost_8081/portfolio/settling-marriage-recurred/feed/index.html]
[localhost_8081/wp-json/oembed/1.0/embedd9df.json]
[localhost_8081/tag/hearted/index.html]
[localhost_8081/wp-json/oembed/1.0/embed116f]
[localhost_8081/portfolio/abilities-concluded/index.html]
[localhost_8081/portfolio/elderly-pursuit-regular-2/index.html]
[localhost_8081/portfolio/position-boy-required-law/index.html]
[localhost_8081/portfolio/settling-marriage-recurred/index.html]
[localhost_8081/index8610.html]
[localhost_8081/portfolio/position-boy-required-law/feed/index.html]
[localhost_8081/portfolio/conveying-advantage-can/index.html]
[localhost_8081/index3dfa.html]
[localhost_8081/portfolio/conveying-advantage-can/feed/index.html]
[localhost_8081/portfolio/sussex-result-matter-any-end-see/index.html]
[localhost_8081/index77ca.html]
[localhost_8081/portfolio/sussex-result-matter-any-end-see/feed/index.html]
[localhost_8081/wp-content/uploads/2017/02/16-2.jpg]
[localhost_8081/wp-json/oembed/1.0/embed8104]
[localhost_8081/portfolio/set-her-half-end/index.html]
[localhost_8081/wp-json/oembed/1.0/embed4f76]
[localhost_8081/wp-content/uploads/2017/02/6-2.jpg]
[localhost_8081/portfolio/distrusts-fulfilled/index.html]
[localhost_8081/index8f6a.html]
[localhost_8081/wp-json/oembed/1.0/embedc8c4.json]
[localhost_8081/2016/11/the-taste-begin-early-since-dried/index.html]
[localhost_8081/wp-json/oembed/1.0/embed4fb4]
[localhost_8081/tag/colonel/index.html]
[localhost_8081/wp-json/oembed/1.0/embed6108.json]
[localhost_8081/tag/position/index.html]
[localhost_8081/2016/11/you-folly-taste-hoped-their-above-are/index.html]
[localhost_8081/wp-json/oembed/1.0/embedcd10]
[localhost_8081/tag/into/index.html]
[localhost_8081/wp-json/oembed/1.0/embedd4b7.json]
[localhost_8081/2016/11/behaved-the-comfort-another-fifteen/index.html]
[localhost_8081/wp-json/oembed/1.0/embed3d65]
[localhost_8081/wp-json/oembed/1.0/embed51bc.json]
[localhost_8081/wp-json/oembed/1.0/embeda5a0]
[localhost_8081/2016/11/decisively-everything-principles-if/index.html]
[localhost_8081/2016/12/index.html]
[localhost_8081/2016/11/index.html]
[localhost_8081/2016/10/index.html]
[localhost_8081/category/corporate/index.html]
[localhost_8081/category/creative/index.html]
[localhost_8081/category/standard/index.html]
[localhost_8081/category/corporate/feed/index.html]
[localhost_8081/category/creative/feed/index.html]
[localhost_8081/2016/11/page/2/index.html]
[localhost_8081/category/standard/feed/index.html]
[localhost_8081/category/uncategorized/index.html]
[localhost_8081/category/web-design/index.html]
[localhost_8081/category/wordpress/index.html]
[localhost_8081/category/standard/page/2/index.html]
[localhost_8081/category/uncategorized/feed/index.html]
[localhost_8081/category/wordpress/feed/index.html]
[localhost_8081/category/web-design/feed/index.html]
[localhost_8081/wp-includes/fonts/dashicons.eot]
[localhost_8081/wp-includes/css/dashicons.min3c21.css]
[localhost_8081/wp-includes/css/buttons.min3c21.css]
[localhost_8081/wp-admin/css/forms.min3c21.css]
[localhost_8081/wp-admin/css/l10n.min3c21.css]
[localhost_8081/wp-admin/images/loading.gif]
[localhost_8081/wp-admin/images/w-logo-blue7a53.png]
[localhost_8081/wp-admin/css/login.min3c21.css]
[localhost_8081/wp-loginc2b6.html]
[localhost_8081/wp-json/oembed/1.0/embed79dc.json]
[localhost_8081/wp-json/oembed/1.0/embed320a]
[localhost_8081/2016/11/attachment-ye-so-am-travelling/index.html]
[localhost_8081/wp-json/oembed/1.0/embed5735.json]
[localhost_8081/wp-json/oembed/1.0/embed31e2]
[localhost_8081/2016/11/general-enquire-picture-letters-on/index.html]
[localhost_8081/wp-json/oembed/1.0/embed69af.json]
[localhost_8081/wp-json/oembed/1.0/embedea98]
[localhost_8081/2016/11/tried-on-cause-no-spoil-arise-plate/index.html]
[localhost_8081/wp-json/oembed/1.0/embed01b7.json]
[localhost_8081/tag/studied/index.html]
[localhost_8081/tag/curiosity/index.html]
[localhost_8081/wp-json/oembed/1.0/embed0bca]
[localhost_8081/2016/11/late-hour-new-nay-able-furniture/index.html]
[localhost_8081/wp-json/oembed/1.0/embedfa76.json]
[localhost_8081/wp-json/oembed/1.0/embed1c51]
[localhost_8081/2016/11/could-death-since-do-we-hoped-is/index.html]
[localhost_8081/wp-json/oembed/1.0/embede7b5.json]
[localhost_8081/wp-json/oembed/1.0/embed21ec]
[localhost_8081/2016/11/celebrated-am-announcing-delightful/index.html]
[localhost_8081/wp-json/oembed/1.0/embedcb5a.json]
[localhost_8081/wp-json/oembed/1.0/embedd7ef]
[localhost_8081/2016/11/reserved-opinions-fat-him-nay-position/index.html]
[localhost_8081/wp-json/oembed/1.0/embed06b8.json]
[localhost_8081/wp-json/oembed/1.0/embed685c]
[localhost_8081/2016/10/remain-valley-who-mrs-uneasy-remove/index.html]
[localhost_8081/wp-json/oembed/1.0/embed7b1a.json]
[localhost_8081/wp-json/oembed/1.0/embed6485]
[localhost_8081/2016/10/saw-yet-kindness-too-replying-whatever/index.html]
[localhost_8081/wp-login67ff.html]
[localhost_8081/wp-json/oembed/1.0/embed776f.json]
[localhost_8081/wp-json/oembed/1.0/embeda717]
[localhost_8081/portfolio/from-image-creative/index.html]
[localhost_8081/wp-json/oembed/1.0/embeda995.json]
[localhost_8081/wp-json/oembed/1.0/embed9463]
[localhost_8081/portfolio/exquisite-by-admitting/index.html]
[localhost_8081/wp-json/oembed/1.0/embedc361.json]
[localhost_8081/wp-json/oembed/1.0/embed3b6b]
[localhost_8081/portfolio/bred-soon-park/index.html]
[localhost_8081/wp-json/oembed/1.0/embede4a1.json]
[localhost_8081/wp-json/oembed/1.0/embedbb80]
[localhost_8081/portfolio/favourable-cultivated/index.html]
[localhost_8081/wp-json/oembed/1.0/embede201.json]
[localhost_8081/wp-json/oembed/1.0/embed3029]
[localhost_8081/portfolio/agreement-gentleman/index.html]
[localhost_8081/wp-json/oembed/1.0/embed1ec7.json]
[localhost_8081/wp-json/oembed/1.0/embed98d3]
[localhost_8081/portfolio/means-among-saw/index.html]
[localhost_8081/wp-json/oembed/1.0/embed6a85.json]
[localhost_8081/wp-json/oembed/1.0/embed44d9]
[localhost_8081/portfolio/estate-was-tended/index.html]
[localhost_8081/wp-json/oembed/1.0/embed8113.json]
[localhost_8081/wp-json/oembed/1.0/embed4d1c]
[localhost_8081/portfolio/nay-middleton-him/index.html]
[localhost_8081/portfolio/very-his-are-come/feed/index.html]
[localhost_8081/wp-json/oembed/1.0/embedfd1c.json]
[localhost_8081/wp-json/oembed/1.0/embed99c7]
[localhost_8081/portfolio/nor-repeated-speaking/index.html]
[localhost_8081/wp-content/uploads/2016/11/10-1-2-2.jpg]
[localhost_8081/portfolio/hardly-suffer-wisdom-2/index.html]
[localhost_8081/portfolio/very-his-are-come/index.html]
[localhost_8081/indexb8c4.html]
[localhost_8081/portfolio/is-easy-took-he/feed/index.html]
[localhost_8081/portfolio/year-kept-on-over/feed/index.html]
[localhost_8081/meet-the-team/page/2/index.html]
[localhost_8081/news/page/2/index.html]
[localhost_8081/portfolio/on-merits-on-valley/feed/index.html]
[localhost_8081/portfolio/instantly-suffering/feed/index.html]
[localhost_8081/portfolio/connection-instrument/feed/index.html]
[localhost_8081/tag/mr/index.html]
[localhost_8081/tag/without/index.html]
[localhost_8081/tag/begin/index.html]
[localhost_8081/tag/mr/feed/index.html]
[localhost_8081/tag/without/feed/index.html]
[localhost_8081/tag/men/index.html]
[localhost_8081/tag/vulgar/index.html]
[localhost_8081/tag/dejection/index.html]
[localhost_8081/tag/begin/feed/index.html]
[localhost_8081/tag/windows/index.html]
[localhost_8081/tag/vulgar/feed/index.html]
[localhost_8081/tag/men/feed/index.html]
[localhost_8081/tag/dejection/feed/index.html]
[localhost_8081/tag/windows/feed/index.html]
[localhost_8081/tag/hearted/index.html]
[localhost_8081/portfolio/elderly-pursuit-regular-2/feed/index.html]
[localhost_8081/wp-json/oembed/1.0/embed8eab.json]
[localhost_8081/tag/hearted/feed/index.html]
[localhost_8081/wp-json/oembed/1.0/embed4e6f]
[localhost_8081/portfolio/smiling-cousins-law-2/index.html]
[localhost_8081/portfolio/abilities-concluded/index.html]
[localhost_8081/index3dd1.html]
[localhost_8081/portfolio/distrusts-fulfilled/feed/index.html]
[localhost_8081/wp-content/uploads/2017/02/8-2.jpg]
[localhost_8081/wp-json/oembed/1.0/embed6579]
[localhost_8081/portfolio/favourable-pianoforte/index.html]
[localhost_8081/wp-json/oembed/1.0/embed28a7]
[localhost_8081/wp-content/uploads/2016/11/9-1-2-2.jpg]
[localhost_8081/portfolio/set-her-half-end/index.html]
[localhost_8081/indexb3e2.html]
[localhost_8081/tag/colonel/index.html]
[localhost_8081/tag/position/index.html]
[localhost_8081/tag/colonel/feed/index.html]
[localhost_8081/tag/into/index.html]
[localhost_8081/tag/position/feed/index.html]
[localhost_8081/2016/11/page/2/index.html]
[localhost_8081/category/standard/page/2/index.html]
[localhost_8081/wp-admin/images/wordpress-logo7d6b.svg]
[localhost_8081/tag/curiosity/index.html]
[localhost_8081/tag/into/feed/index.html]
[localhost_8081/tag/studied/index.html]
[localhost_8081/tag/curiosity/feed/index.html]
[localhost_8081/index342f.html]
[localhost_8081/indexb0e9.html]
[localhost_8081/index6cfe.html]
[localhost_8081/wp-admin/&reauth=1.html]
[localhost_8081/portfolio/exquisite-by-admitting/feed/index.html]
[localhost_8081/portfolio/bred-soon-park/feed/index.html]
[localhost_8081/portfolio/favourable-cultivated/feed/index.html]
[localhost_8081/portfolio/agreement-gentleman/feed/index.html]
[localhost_8081/portfolio/means-among-saw/feed/index.html]
[localhost_8081/portfolio/estate-was-tended/feed/index.html]
[localhost_8081/portfolio/nay-middleton-him/feed/index.html]
[localhost_8081/portfolio/hardly-suffer-wisdom-2/feed/index.html]
[localhost_8081/tag/studied/feed/index.html]
[localhost_8081/wp-json/oembed/1.0/embed14d4]
[localhost_8081/wp-json/oembed/1.0/embeda7df]
[localhost_8081/portfolio/nor-repeated-speaking/index.html]
[localhost_8081/indexc804.html]
[localhost_8081/portfolio/abilities-concluded/feed/index.html]
[localhost_8081/wp-content/uploads/2016/11/11-5-2.jpg]
[localhost_8081/wp-json/oembed/1.0/embed6c7c]
[localhost_8081/wp-json/oembed/1.0/embed7099]
[localhost_8081/portfolio/smiling-cousins-law-2/index.html]
[localhost_8081/index2169.html]
[localhost_8081/portfolio/set-her-half-end/feed/index.html]
[localhost_8081/wp-content/uploads/2017/02/9-2.jpg]
[localhost_8081/wp-json/oembed/1.0/embed09e8.json]
[localhost_8081/wp-json/oembed/1.0/embedba43]
[localhost_8081/wp-content/uploads/2016/11/15-2-2.jpg]
[localhost_8081/portfolio/favourable-pianoforte/index.html]
[localhost_8081/indexb015.html]
[localhost_8081/portfolio/nor-repeated-speaking/feed/index.html]
[localhost_8081/indexe3b6.html]
[localhost_8081/portfolio/smiling-cousins-law-2/feed/index.html]
[localhost_8081/indexcb01.html]
[localhost_8081/portfolio/favourable-pianoforte/feed/index.html]
[localhost_8081/index9982.html]
